 ArrayCopy_v4

 Timestamp is 69d382ee (Mon Apr 06 12:54:54 2026)

 Preferred load address is 00400000

 Start         Length     Name                   Class
 0001:00000000 00001f19H .text                   CODE
 0002:00000000 00000121H .rdata                  DATA
 0002:00000121 00000000H .edata                  DATA
 0003:00000000 000eb00eH .data                   DATA
 0003:000eb010 00000275H .bss                    DATA
 0004:00000000 00000014H .idata$2                DATA
 0004:00000014 00000014H .idata$3                DATA
 0004:00000028 0000007cH .idata$4                DATA
 0004:000000a4 0000007cH .idata$5                DATA
 0004:00000120 00000292H .idata$6                DATA

  Address         Publics by Value              Rva+Base     Lib:Object

 0001:00000010       _main@0                    00401010 f   ArrayCopy_v4.obj
 0001:00000088       _Clrscr@0                  00401088 f   irvine32:Irvine32.obj
 0001:0000014d       _Crlf@0                    0040114d f   irvine32:Irvine32.obj
 0001:00000168       _Delay@0                   00401168 f   irvine32:Irvine32.obj
 0001:00000171       _DumpMem@0                 00401171 f   irvine32:Irvine32.obj
 0001:00000241       _DumpRegs@0                00401241 f   irvine32:Irvine32.obj
 0001:00000413       _GetCommandtail@0          00401413 f   irvine32:Irvine32.obj
 0001:00000437       _GetDateTime@4             00401437 f   irvine32:Irvine32.obj
 0001:00000469       _GetMaxXY@0                00401469 f   irvine32:Irvine32.obj
 0001:0000049c       _GetMseconds@0             0040149c f   irvine32:Irvine32.obj
 0001:000004f9       _Gotoxy@0                  004014f9 f   irvine32:Irvine32.obj
 0001:0000052f       _IsDigit@0                 0040152f f   irvine32:Irvine32.obj
 0001:0000053c       _RandomRange@0             0040153c f   irvine32:Irvine32.obj
 0001:00000551       _Random32@0                00401551 f   irvine32:Irvine32.obj
 0001:0000056c       _Randomize@0               0040156c f   irvine32:Irvine32.obj
 0001:00000585       _ReadChar@0                00401585 f   irvine32:Irvine32.obj
 0001:000005e5       _ReadDec@0                 004015e5 f   irvine32:Irvine32.obj
 0001:00000652       _ReadHex@0                 00401652 f   irvine32:Irvine32.obj
 0001:000006cd       _ReadInt@0                 004016cd f   irvine32:Irvine32.obj
 0001:0000078f       _ReadString@0              0040178f f   irvine32:Irvine32.obj
 0001:0000083c       _SetTextColor@0            0040183c f   irvine32:Irvine32.obj
 0001:00000861       _Str_compare@8             00401861 f   irvine32:Irvine32.obj
 0001:0000088b       _Str_copy@8                0040188b f   irvine32:Irvine32.obj
 0001:000008ae       _Str_length@4              004018ae f   irvine32:Irvine32.obj
 0001:000008c8       _Str_trim@8                004018c8 f   irvine32:Irvine32.obj
 0001:000008f5       _Str_ucase@4               004018f5 f   irvine32:Irvine32.obj
 0001:00000917       _WaitMsg@0                 00401917 f   irvine32:Irvine32.obj
 0001:0000096b       _WriteBin@0                0040196b f   irvine32:Irvine32.obj
 0001:00000978       _WriteBinB@0               00401978 f   irvine32:Irvine32.obj
 0001:000009cb       _WriteChar@0               004019cb f   irvine32:Irvine32.obj
 0001:000009fd       _WriteDec@0                004019fd f   irvine32:Irvine32.obj
 0001:00000a3e       _WriteHex@0                00401a3e f   irvine32:Irvine32.obj
 0001:00000a4b       _WriteHexB@0               00401a4b f   irvine32:Irvine32.obj
 0001:00000add       _WriteInt@0                00401add f   irvine32:Irvine32.obj
 0001:00000b3e       _WriteString@0             00401b3e f   irvine32:Irvine32.obj
 0001:00000bca       _ExitProcess@4             00401bca f   kernel32:KERNEL32.dll
 0001:00000bd0       _FlushConsoleInputBuffer@4 00401bd0 f   kernel32:KERNEL32.dll
 0001:00000bd6       _GetCommandLineA@0         00401bd6 f   kernel32:KERNEL32.dll
 0001:00000bdc       _GetConsoleMode@8          00401bdc f   kernel32:KERNEL32.dll
 0001:00000be2       _GetConsoleScreenBufferInfo@8 00401be2 f   kernel32:KERNEL32.dll
 0001:00000be8       _GetLocalTime@4            00401be8 f   kernel32:KERNEL32.dll
 0001:00000bee       _GetStdHandle@4            00401bee f   kernel32:KERNEL32.dll
 0001:00000bf4       _GetSystemTime@4           00401bf4 f   kernel32:KERNEL32.dll
 0001:00000bfa       _ReadConsoleA@20           00401bfa f   kernel32:KERNEL32.dll
 0001:00000c00       _SetConsoleCursorPosition@8 00401c00 f   kernel32:KERNEL32.dll
 0001:00000c06       _SetConsoleMode@8          00401c06 f   kernel32:KERNEL32.dll
 0001:00000c0c       _SetConsoleTextAttribute@8 00401c0c f   kernel32:KERNEL32.dll
 0001:00000c12       _Sleep@4                   00401c12 f   kernel32:KERNEL32.dll
 0001:00000c18       _SystemTimeToFileTime@8    00401c18 f   kernel32:KERNEL32.dll
 0001:00000c1e       _WriteConsoleA@20          00401c1e f   kernel32:KERNEL32.dll
 0001:00000c24       _WriteConsoleOutputCharacterA@20 00401c24 f   kernel32:KERNEL32.dll
 0001:00000c2a       _WriteConsoleOutputAttribute@20 00401c2a f   kernel32:KERNEL32.dll
 0004:00000000       __IMPORT_DESCRIPTOR_KERNEL32 004f0000     kernel32:KERNEL32.dll
 0004:00000014       __NULL_IMPORT_DESCRIPTOR   004f0014     kernel32:KERNEL32.dll
 0004:000000a4       __imp__ExitProcess@4       004f00a4     kernel32:KERNEL32.dll
 0004:000000a8       __imp__FlushConsoleInputBuffer@4 004f00a8     kernel32:KERNEL32.dll
 0004:000000ac       __imp__GetCommandLineA@0   004f00ac     kernel32:KERNEL32.dll
 0004:000000b0       __imp__GetConsoleMode@8    004f00b0     kernel32:KERNEL32.dll
 0004:000000b4       __imp__GetConsoleScreenBufferInfo@8 004f00b4     kernel32:KERNEL32.dll
 0004:000000b8       __imp__GetLocalTime@4      004f00b8     kernel32:KERNEL32.dll
 0004:000000bc       __imp__GetStdHandle@4      004f00bc     kernel32:KERNEL32.dll
 0004:000000c0       __imp__GetSystemTime@4     004f00c0     kernel32:KERNEL32.dll
 0004:000000c4       __imp__ReadConsoleA@20     004f00c4     kernel32:KERNEL32.dll
 0004:000000c8       __imp__SetConsoleCursorPosition@8 004f00c8     kernel32:KERNEL32.dll
 0004:000000cc       __imp__SetConsoleMode@8    004f00cc     kernel32:KERNEL32.dll
 0004:000000d0       __imp__SetConsoleTextAttribute@8 004f00d0     kernel32:KERNEL32.dll
 0004:000000d4       __imp__Sleep@4             004f00d4     kernel32:KERNEL32.dll
 0004:000000d8       __imp__SystemTimeToFileTime@8 004f00d8     kernel32:KERNEL32.dll
 0004:000000dc       __imp__WriteConsoleA@20    004f00dc     kernel32:KERNEL32.dll
 0004:000000e0       __imp__WriteConsoleOutputCharacterA@20 004f00e0     kernel32:KERNEL32.dll
 0004:000000e4       __imp__WriteConsoleOutputAttribute@20 004f00e4     kernel32:KERNEL32.dll
 0004:000000e8       \177KERNEL32_NULL_THUNK_DATA 004f00e8     kernel32:KERNEL32.dll

 entry point at        0001:00000010

