 ArrayCopyTemplate_v1

 Timestamp is 69d61cd2 (Wed Apr 08 12:16:02 2026)

 Preferred load address is 00400000

 Start         Length     Name                   Class
 0001:00000000 00001f2dH .text                   CODE
 0002:00000000 00000121H .rdata                  DATA
 0002:00000121 00000000H .edata                  DATA
 0003:00000000 000eb00eH .data                   DATA
 0003:000eb010 00000275H .bss                    DATA
 0004:00000000 00000014H .idata$2                DATA
 0004:00000014 00000014H .idata$3                DATA
 0004:00000028 0000007cH .idata$4                DATA
 0004:000000a4 0000007cH .idata$5                DATA
 0004:00000120 00000292H .idata$6                DATA

  Address         Publics by Value              Rva+Base     Lib:Object

 0001:00000010       _main@0                    00401010 f   ArrayCopyTemplate_v1.obj
 0001:0000009c       _Clrscr@0                  0040109c f   irvine32:Irvine32.obj
 0001:00000161       _Crlf@0                    00401161 f   irvine32:Irvine32.obj
 0001:0000017c       _Delay@0                   0040117c f   irvine32:Irvine32.obj
 0001:00000185       _DumpMem@0                 00401185 f   irvine32:Irvine32.obj
 0001:00000255       _DumpRegs@0                00401255 f   irvine32:Irvine32.obj
 0001:00000427       _GetCommandtail@0          00401427 f   irvine32:Irvine32.obj
 0001:0000044b       _GetDateTime@4             0040144b f   irvine32:Irvine32.obj
 0001:0000047d       _GetMaxXY@0                0040147d f   irvine32:Irvine32.obj
 0001:000004b0       _GetMseconds@0             004014b0 f   irvine32:Irvine32.obj
 0001:0000050d       _Gotoxy@0                  0040150d f   irvine32:Irvine32.obj
 0001:00000543       _IsDigit@0                 00401543 f   irvine32:Irvine32.obj
 0001:00000550       _RandomRange@0             00401550 f   irvine32:Irvine32.obj
 0001:00000565       _Random32@0                00401565 f   irvine32:Irvine32.obj
 0001:00000580       _Randomize@0               00401580 f   irvine32:Irvine32.obj
 0001:00000599       _ReadChar@0                00401599 f   irvine32:Irvine32.obj
 0001:000005f9       _ReadDec@0                 004015f9 f   irvine32:Irvine32.obj
 0001:00000666       _ReadHex@0                 00401666 f   irvine32:Irvine32.obj
 0001:000006e1       _ReadInt@0                 004016e1 f   irvine32:Irvine32.obj
 0001:000007a3       _ReadString@0              004017a3 f   irvine32:Irvine32.obj
 0001:00000850       _SetTextColor@0            00401850 f   irvine32:Irvine32.obj
 0001:00000875       _Str_compare@8             00401875 f   irvine32:Irvine32.obj
 0001:0000089f       _Str_copy@8                0040189f f   irvine32:Irvine32.obj
 0001:000008c2       _Str_length@4              004018c2 f   irvine32:Irvine32.obj
 0001:000008dc       _Str_trim@8                004018dc f   irvine32:Irvine32.obj
 0001:00000909       _Str_ucase@4               00401909 f   irvine32:Irvine32.obj
 0001:0000092b       _WaitMsg@0                 0040192b f   irvine32:Irvine32.obj
 0001:0000097f       _WriteBin@0                0040197f f   irvine32:Irvine32.obj
 0001:0000098c       _WriteBinB@0               0040198c f   irvine32:Irvine32.obj
 0001:000009df       _WriteChar@0               004019df f   irvine32:Irvine32.obj
 0001:00000a11       _WriteDec@0                00401a11 f   irvine32:Irvine32.obj
 0001:00000a52       _WriteHex@0                00401a52 f   irvine32:Irvine32.obj
 0001:00000a5f       _WriteHexB@0               00401a5f f   irvine32:Irvine32.obj
 0001:00000af1       _WriteInt@0                00401af1 f   irvine32:Irvine32.obj
 0001:00000b52       _WriteString@0             00401b52 f   irvine32:Irvine32.obj
 0001:00000bde       _ExitProcess@4             00401bde f   kernel32:KERNEL32.dll
 0001:00000be4       _FlushConsoleInputBuffer@4 00401be4 f   kernel32:KERNEL32.dll
 0001:00000bea       _GetCommandLineA@0         00401bea f   kernel32:KERNEL32.dll
 0001:00000bf0       _GetConsoleMode@8          00401bf0 f   kernel32:KERNEL32.dll
 0001:00000bf6       _GetConsoleScreenBufferInfo@8 00401bf6 f   kernel32:KERNEL32.dll
 0001:00000bfc       _GetLocalTime@4            00401bfc f   kernel32:KERNEL32.dll
 0001:00000c02       _GetStdHandle@4            00401c02 f   kernel32:KERNEL32.dll
 0001:00000c08       _GetSystemTime@4           00401c08 f   kernel32:KERNEL32.dll
 0001:00000c0e       _ReadConsoleA@20           00401c0e f   kernel32:KERNEL32.dll
 0001:00000c14       _SetConsoleCursorPosition@8 00401c14 f   kernel32:KERNEL32.dll
 0001:00000c1a       _SetConsoleMode@8          00401c1a f   kernel32:KERNEL32.dll
 0001:00000c20       _SetConsoleTextAttribute@8 00401c20 f   kernel32:KERNEL32.dll
 0001:00000c26       _Sleep@4                   00401c26 f   kernel32:KERNEL32.dll
 0001:00000c2c       _SystemTimeToFileTime@8    00401c2c f   kernel32:KERNEL32.dll
 0001:00000c32       _WriteConsoleA@20          00401c32 f   kernel32:KERNEL32.dll
 0001:00000c38       _WriteConsoleOutputCharacterA@20 00401c38 f   kernel32:KERNEL32.dll
 0001:00000c3e       _WriteConsoleOutputAttribute@20 00401c3e f   kernel32:KERNEL32.dll
 0004:00000000       __IMPORT_DESCRIPTOR_KERNEL32 004f0000     kernel32:KERNEL32.dll
 0004:00000014       __NULL_IMPORT_DESCRIPTOR   004f0014     kernel32:KERNEL32.dll
 0004:000000a4       __imp__ExitProcess@4       004f00a4     kernel32:KERNEL32.dll
 0004:000000a8       __imp__FlushConsoleInputBuffer@4 004f00a8     kernel32:KERNEL32.dll
 0004:000000ac       __imp__GetCommandLineA@0   004f00ac     kernel32:KERNEL32.dll
 0004:000000b0       __imp__GetConsoleMode@8    004f00b0     kernel32:KERNEL32.dll
 0004:000000b4       __imp__GetConsoleScreenBufferInfo@8 004f00b4     kernel32:KERNEL32.dll
 0004:000000b8       __imp__GetLocalTime@4      004f00b8     kernel32:KERNEL32.dll
 0004:000000bc       __imp__GetStdHandle@4      004f00bc     kernel32:KERNEL32.dll
 0004:000000c0       __imp__GetSystemTime@4     004f00c0     kernel32:KERNEL32.dll
 0004:000000c4       __imp__ReadConsoleA@20     004f00c4     kernel32:KERNEL32.dll
 0004:000000c8       __imp__SetConsoleCursorPosition@8 004f00c8     kernel32:KERNEL32.dll
 0004:000000cc       __imp__SetConsoleMode@8    004f00cc     kernel32:KERNEL32.dll
 0004:000000d0       __imp__SetConsoleTextAttribute@8 004f00d0     kernel32:KERNEL32.dll
 0004:000000d4       __imp__Sleep@4             004f00d4     kernel32:KERNEL32.dll
 0004:000000d8       __imp__SystemTimeToFileTime@8 004f00d8     kernel32:KERNEL32.dll
 0004:000000dc       __imp__WriteConsoleA@20    004f00dc     kernel32:KERNEL32.dll
 0004:000000e0       __imp__WriteConsoleOutputCharacterA@20 004f00e0     kernel32:KERNEL32.dll
 0004:000000e4       __imp__WriteConsoleOutputAttribute@20 004f00e4     kernel32:KERNEL32.dll
 0004:000000e8       \177KERNEL32_NULL_THUNK_DATA 004f00e8     kernel32:KERNEL32.dll

 entry point at        0001:00000010

