 Task5_3

 Timestamp is 69c3bb18 (Wed Mar 25 12:38:16 2026)

 Preferred load address is 00400000

 Start         Length     Name                   Class
 0001:00000000 00001ed4H .text                   CODE
 0002:00000000 00000121H .rdata                  DATA
 0002:00000121 00000000H .edata                  DATA
 0003:00000000 00000a3eH .data                   DATA
 0003:00000a40 00000275H .bss                    DATA
 0004:00000000 00000014H .idata$2                DATA
 0004:00000014 00000014H .idata$3                DATA
 0004:00000028 0000007cH .idata$4                DATA
 0004:000000a4 0000007cH .idata$5                DATA
 0004:00000120 00000292H .idata$6                DATA

  Address         Publics by Value              Rva+Base     Lib:Object

 0001:00000010       _main@0                    00401010 f   Task5_3.obj
 0001:00000044       _Clrscr@0                  00401044 f   irvine32:Irvine32.obj
 0001:00000109       _Crlf@0                    00401109 f   irvine32:Irvine32.obj
 0001:00000124       _Delay@0                   00401124 f   irvine32:Irvine32.obj
 0001:0000012d       _DumpMem@0                 0040112d f   irvine32:Irvine32.obj
 0001:000001fd       _DumpRegs@0                004011fd f   irvine32:Irvine32.obj
 0001:000003cf       _GetCommandtail@0          004013cf f   irvine32:Irvine32.obj
 0001:000003f3       _GetDateTime@4             004013f3 f   irvine32:Irvine32.obj
 0001:00000425       _GetMaxXY@0                00401425 f   irvine32:Irvine32.obj
 0001:00000458       _GetMseconds@0             00401458 f   irvine32:Irvine32.obj
 0001:000004b5       _Gotoxy@0                  004014b5 f   irvine32:Irvine32.obj
 0001:000004eb       _IsDigit@0                 004014eb f   irvine32:Irvine32.obj
 0001:000004f8       _RandomRange@0             004014f8 f   irvine32:Irvine32.obj
 0001:0000050d       _Random32@0                0040150d f   irvine32:Irvine32.obj
 0001:00000528       _Randomize@0               00401528 f   irvine32:Irvine32.obj
 0001:00000541       _ReadChar@0                00401541 f   irvine32:Irvine32.obj
 0001:000005a1       _ReadDec@0                 004015a1 f   irvine32:Irvine32.obj
 0001:0000060e       _ReadHex@0                 0040160e f   irvine32:Irvine32.obj
 0001:00000689       _ReadInt@0                 00401689 f   irvine32:Irvine32.obj
 0001:0000074b       _ReadString@0              0040174b f   irvine32:Irvine32.obj
 0001:000007f8       _SetTextColor@0            004017f8 f   irvine32:Irvine32.obj
 0001:0000081d       _Str_compare@8             0040181d f   irvine32:Irvine32.obj
 0001:00000847       _Str_copy@8                00401847 f   irvine32:Irvine32.obj
 0001:0000086a       _Str_length@4              0040186a f   irvine32:Irvine32.obj
 0001:00000884       _Str_trim@8                00401884 f   irvine32:Irvine32.obj
 0001:000008b1       _Str_ucase@4               004018b1 f   irvine32:Irvine32.obj
 0001:000008d3       _WaitMsg@0                 004018d3 f   irvine32:Irvine32.obj
 0001:00000927       _WriteBin@0                00401927 f   irvine32:Irvine32.obj
 0001:00000934       _WriteBinB@0               00401934 f   irvine32:Irvine32.obj
 0001:00000987       _WriteChar@0               00401987 f   irvine32:Irvine32.obj
 0001:000009b9       _WriteDec@0                004019b9 f   irvine32:Irvine32.obj
 0001:000009fa       _WriteHex@0                004019fa f   irvine32:Irvine32.obj
 0001:00000a07       _WriteHexB@0               00401a07 f   irvine32:Irvine32.obj
 0001:00000a99       _WriteInt@0                00401a99 f   irvine32:Irvine32.obj
 0001:00000afa       _WriteString@0             00401afa f   irvine32:Irvine32.obj
 0001:00000b86       _ExitProcess@4             00401b86 f   kernel32:KERNEL32.dll
 0001:00000b8c       _FlushConsoleInputBuffer@4 00401b8c f   kernel32:KERNEL32.dll
 0001:00000b92       _GetCommandLineA@0         00401b92 f   kernel32:KERNEL32.dll
 0001:00000b98       _GetConsoleMode@8          00401b98 f   kernel32:KERNEL32.dll
 0001:00000b9e       _GetConsoleScreenBufferInfo@8 00401b9e f   kernel32:KERNEL32.dll
 0001:00000ba4       _GetLocalTime@4            00401ba4 f   kernel32:KERNEL32.dll
 0001:00000baa       _GetStdHandle@4            00401baa f   kernel32:KERNEL32.dll
 0001:00000bb0       _GetSystemTime@4           00401bb0 f   kernel32:KERNEL32.dll
 0001:00000bb6       _ReadConsoleA@20           00401bb6 f   kernel32:KERNEL32.dll
 0001:00000bbc       _SetConsoleCursorPosition@8 00401bbc f   kernel32:KERNEL32.dll
 0001:00000bc2       _SetConsoleMode@8          00401bc2 f   kernel32:KERNEL32.dll
 0001:00000bc8       _SetConsoleTextAttribute@8 00401bc8 f   kernel32:KERNEL32.dll
 0001:00000bce       _Sleep@4                   00401bce f   kernel32:KERNEL32.dll
 0001:00000bd4       _SystemTimeToFileTime@8    00401bd4 f   kernel32:KERNEL32.dll
 0001:00000bda       _WriteConsoleA@20          00401bda f   kernel32:KERNEL32.dll
 0001:00000be0       _WriteConsoleOutputCharacterA@20 00401be0 f   kernel32:KERNEL32.dll
 0001:00000be6       _WriteConsoleOutputAttribute@20 00401be6 f   kernel32:KERNEL32.dll
 0004:00000000       __IMPORT_DESCRIPTOR_KERNEL32 00405000     kernel32:KERNEL32.dll
 0004:00000014       __NULL_IMPORT_DESCRIPTOR   00405014     kernel32:KERNEL32.dll
 0004:000000a4       __imp__ExitProcess@4       004050a4     kernel32:KERNEL32.dll
 0004:000000a8       __imp__FlushConsoleInputBuffer@4 004050a8     kernel32:KERNEL32.dll
 0004:000000ac       __imp__GetCommandLineA@0   004050ac     kernel32:KERNEL32.dll
 0004:000000b0       __imp__GetConsoleMode@8    004050b0     kernel32:KERNEL32.dll
 0004:000000b4       __imp__GetConsoleScreenBufferInfo@8 004050b4     kernel32:KERNEL32.dll
 0004:000000b8       __imp__GetLocalTime@4      004050b8     kernel32:KERNEL32.dll
 0004:000000bc       __imp__GetStdHandle@4      004050bc     kernel32:KERNEL32.dll
 0004:000000c0       __imp__GetSystemTime@4     004050c0     kernel32:KERNEL32.dll
 0004:000000c4       __imp__ReadConsoleA@20     004050c4     kernel32:KERNEL32.dll
 0004:000000c8       __imp__SetConsoleCursorPosition@8 004050c8     kernel32:KERNEL32.dll
 0004:000000cc       __imp__SetConsoleMode@8    004050cc     kernel32:KERNEL32.dll
 0004:000000d0       __imp__SetConsoleTextAttribute@8 004050d0     kernel32:KERNEL32.dll
 0004:000000d4       __imp__Sleep@4             004050d4     kernel32:KERNEL32.dll
 0004:000000d8       __imp__SystemTimeToFileTime@8 004050d8     kernel32:KERNEL32.dll
 0004:000000dc       __imp__WriteConsoleA@20    004050dc     kernel32:KERNEL32.dll
 0004:000000e0       __imp__WriteConsoleOutputCharacterA@20 004050e0     kernel32:KERNEL32.dll
 0004:000000e4       __imp__WriteConsoleOutputAttribute@20 004050e4     kernel32:KERNEL32.dll
 0004:000000e8       \177KERNEL32_NULL_THUNK_DATA 004050e8     kernel32:KERNEL32.dll

 entry point at        0001:00000010

